[huaweihealth.online/index.html]
[backblue.gif]
[fade.gif]
[index.html]
[huaweihealth.online/assets/img/logo.png]
[huaweihealth.online/assets/img/logo75f8.png]
[huaweihealth.online/assets/bootstrap/css/bootstrap.min4ba7.css]
[use.fontawesome.com/releases/v5.12.0/css/all.css]
[cdnjs.cloudflare.com/ajax/libs/font-awesome/4.7.0/css/font-awesome.min.css]
[cdnjs.cloudflare.com/ajax/libs/simple-line-icons/2.4.1/css/simple-line-icons.min.css]
[huaweihealth.online/assets/fonts/fontawesome5-overrides.mina453.css]
[huaweihealth.online/assets/css/styles.mine9b0.css]
[huaweihealth.online/assets/img/bg-pattern421e.png]
[huaweihealth.online/assets/img/iphone_6_plus_white_port18c4.png]
[huaweihealth.online/assets/img/Huawei-Health-Appb6c6.jpg]
[huaweihealth.online/assets/img/google-play-badge1540.svg]
[huaweihealth.online/privacy-policy.html]
[huaweihealth.online/terms.html]
[cdn.jsdelivr.net/npm/bootstrap@5.1.3/dist/js/bootstrap.bundle.min.js]
[huaweihealth.online/assets/js/script.min08a4.js]
[huaweihealth.online/index.html]
[huaweihealth.online/assets/bootstrap/css/bootstrap.min4ba7.css]
[use.fontawesome.com/releases/v5.12.0/css/all.css]
[cdnjs.cloudflare.com/ajax/libs/font-awesome/4.7.0/css/font-awesome.min.css]
[cdnjs.cloudflare.com/ajax/libs/simple-line-icons/2.4.1/css/simple-line-icons.min.css]
[huaweihealth.online/assets/fonts/fontawesome5-overrides.mina453.css]
[huaweihealth.online/assets/css/styles.mine9b0.css]
[huaweihealth.online/assets/img/google-play-badge1540.svg]
[huaweihealth.online/index-2.html]
[huaweihealth.online/privacy-policy.html]
[huaweihealth.online/terms.html]
[huaweihealth.online/index-2.html]
[huaweihealth.online/support@huaweihealth.html]
